Archive member included to satisfy reference by file (symbol)

c:/tools/gnu arm embedded toolchain/10 2021.10/bin/../lib/gcc/arm-none-eabi/10.3.1/../../../../arm-none-eabi/lib/thumb/v7e-m+fp/hard\libc_nano.a(lib_a-exit.o)
                              c:/tools/gnu arm embedded toolchain/10 2021.10/bin/../lib/gcc/arm-none-eabi/10.3.1/../../../../arm-none-eabi/lib/thumb/v7e-m+fp/hard/crt0.o (exit)
c:/tools/gnu arm embedded toolchain/10 2021.10/bin/../lib/gcc/arm-none-eabi/10.3.1/../../../../arm-none-eabi/lib/thumb/v7e-m+fp/hard\libc_nano.a(lib_a-impure.o)
                              c:/tools/gnu arm embedded toolchain/10 2021.10/bin/../lib/gcc/arm-none-eabi/10.3.1/../../../../arm-none-eabi/lib/thumb/v7e-m+fp/hard\libc_nano.a(lib_a-exit.o) (_global_impure_ptr)
c:/tools/gnu arm embedded toolchain/10 2021.10/bin/../lib/gcc/arm-none-eabi/10.3.1/../../../../arm-none-eabi/lib/thumb/v7e-m+fp/hard\libc_nano.a(lib_a-init.o)
                              c:/tools/gnu arm embedded toolchain/10 2021.10/bin/../lib/gcc/arm-none-eabi/10.3.1/../../../../arm-none-eabi/lib/thumb/v7e-m+fp/hard/crt0.o (__libc_init_array)
c:/tools/gnu arm embedded toolchain/10 2021.10/bin/../lib/gcc/arm-none-eabi/10.3.1/../../../../arm-none-eabi/lib/thumb/v7e-m+fp/hard\libc_nano.a(lib_a-memset.o)
                              c:/tools/gnu arm embedded toolchain/10 2021.10/bin/../lib/gcc/arm-none-eabi/10.3.1/../../../../arm-none-eabi/lib/thumb/v7e-m+fp/hard/crt0.o (memset)
c:/tools/gnu arm embedded toolchain/10 2021.10/bin/../lib/gcc/arm-none-eabi/10.3.1/../../../../arm-none-eabi/lib/thumb/v7e-m+fp/hard\libnosys.a(_exit.o)
                              c:/tools/gnu arm embedded toolchain/10 2021.10/bin/../lib/gcc/arm-none-eabi/10.3.1/../../../../arm-none-eabi/lib/thumb/v7e-m+fp/hard\libc_nano.a(lib_a-exit.o) (_exit)

Discarded input sections

 .text          0x00000000        0x0 c:/tools/gnu arm embedded toolchain/10 2021.10/bin/../lib/gcc/arm-none-eabi/10.3.1/thumb/v7e-m+fp/hard/crti.o
 .data          0x00000000        0x0 c:/tools/gnu arm embedded toolchain/10 2021.10/bin/../lib/gcc/arm-none-eabi/10.3.1/thumb/v7e-m+fp/hard/crti.o
 .bss           0x00000000        0x0 c:/tools/gnu arm embedded toolchain/10 2021.10/bin/../lib/gcc/arm-none-eabi/10.3.1/thumb/v7e-m+fp/hard/crti.o
 .data          0x00000000        0x4 c:/tools/gnu arm embedded toolchain/10 2021.10/bin/../lib/gcc/arm-none-eabi/10.3.1/thumb/v7e-m+fp/hard/crtbegin.o
 .rodata        0x00000000       0x24 c:/tools/gnu arm embedded toolchain/10 2021.10/bin/../lib/gcc/arm-none-eabi/10.3.1/thumb/v7e-m+fp/hard/crtbegin.o
 .data          0x00000000        0x0 c:/tools/gnu arm embedded toolchain/10 2021.10/bin/../lib/gcc/arm-none-eabi/10.3.1/../../../../arm-none-eabi/lib/thumb/v7e-m+fp/hard/crt0.o
 .bss           0x00000000        0x0 c:/tools/gnu arm embedded toolchain/10 2021.10/bin/../lib/gcc/arm-none-eabi/10.3.1/../../../../arm-none-eabi/lib/thumb/v7e-m+fp/hard/crt0.o
 .ARM.extab     0x00000000        0x0 c:/tools/gnu arm embedded toolchain/10 2021.10/bin/../lib/gcc/arm-none-eabi/10.3.1/../../../../arm-none-eabi/lib/thumb/v7e-m+fp/hard/crt0.o
 .text          0x00000000        0x0 c:/tools/gnu arm embedded toolchain/10 2021.10/bin/../lib/gcc/arm-none-eabi/10.3.1/../../../../arm-none-eabi/lib/thumb/v7e-m+fp/hard\libc_nano.a(lib_a-exit.o)
 .data          0x00000000        0x0 c:/tools/gnu arm embedded toolchain/10 2021.10/bin/../lib/gcc/arm-none-eabi/10.3.1/../../../../arm-none-eabi/lib/thumb/v7e-m+fp/hard\libc_nano.a(lib_a-exit.o)
 .bss           0x00000000        0x0 c:/tools/gnu arm embedded toolchain/10 2021.10/bin/../lib/gcc/arm-none-eabi/10.3.1/../../../../arm-none-eabi/lib/thumb/v7e-m+fp/hard\libc_nano.a(lib_a-exit.o)
 .text          0x00000000        0x0 c:/tools/gnu arm embedded toolchain/10 2021.10/bin/../lib/gcc/arm-none-eabi/10.3.1/../../../../arm-none-eabi/lib/thumb/v7e-m+fp/hard\libc_nano.a(lib_a-impure.o)
 .data          0x00000000        0x0 c:/tools/gnu arm embedded toolchain/10 2021.10/bin/../lib/gcc/arm-none-eabi/10.3.1/../../../../arm-none-eabi/lib/thumb/v7e-m+fp/hard\libc_nano.a(lib_a-impure.o)
 .bss           0x00000000        0x0 c:/tools/gnu arm embedded toolchain/10 2021.10/bin/../lib/gcc/arm-none-eabi/10.3.1/../../../../arm-none-eabi/lib/thumb/v7e-m+fp/hard\libc_nano.a(lib_a-impure.o)
 .data._impure_ptr
                0x00000000        0x4 c:/tools/gnu arm embedded toolchain/10 2021.10/bin/../lib/gcc/arm-none-eabi/10.3.1/../../../../arm-none-eabi/lib/thumb/v7e-m+fp/hard\libc_nano.a(lib_a-impure.o)
 .text          0x00000000        0x0 c:/tools/gnu arm embedded toolchain/10 2021.10/bin/../lib/gcc/arm-none-eabi/10.3.1/../../../../arm-none-eabi/lib/thumb/v7e-m+fp/hard\libc_nano.a(lib_a-init.o)
 .data          0x00000000        0x0 c:/tools/gnu arm embedded toolchain/10 2021.10/bin/../lib/gcc/arm-none-eabi/10.3.1/../../../../arm-none-eabi/lib/thumb/v7e-m+fp/hard\libc_nano.a(lib_a-init.o)
 .bss           0x00000000        0x0 c:/tools/gnu arm embedded toolchain/10 2021.10/bin/../lib/gcc/arm-none-eabi/10.3.1/../../../../arm-none-eabi/lib/thumb/v7e-m+fp/hard\libc_nano.a(lib_a-init.o)
 .text          0x00000000        0x0 c:/tools/gnu arm embedded toolchain/10 2021.10/bin/../lib/gcc/arm-none-eabi/10.3.1/../../../../arm-none-eabi/lib/thumb/v7e-m+fp/hard\libc_nano.a(lib_a-memset.o)
 .data          0x00000000        0x0 c:/tools/gnu arm embedded toolchain/10 2021.10/bin/../lib/gcc/arm-none-eabi/10.3.1/../../../../arm-none-eabi/lib/thumb/v7e-m+fp/hard\libc_nano.a(lib_a-memset.o)
 .bss           0x00000000        0x0 c:/tools/gnu arm embedded toolchain/10 2021.10/bin/../lib/gcc/arm-none-eabi/10.3.1/../../../../arm-none-eabi/lib/thumb/v7e-m+fp/hard\libc_nano.a(lib_a-memset.o)
 .group         0x00000000        0xc CMakeFiles/FRDM-K22F_Simple.elf.dir/src/main.c.obj
 .group         0x00000000        0xc CMakeFiles/FRDM-K22F_Simple.elf.dir/src/main.c.obj
 .group         0x00000000        0xc CMakeFiles/FRDM-K22F_Simple.elf.dir/src/main.c.obj
 .group         0x00000000        0xc CMakeFiles/FRDM-K22F_Simple.elf.dir/src/main.c.obj
 .group         0x00000000        0xc CMakeFiles/FRDM-K22F_Simple.elf.dir/src/main.c.obj
 .group         0x00000000        0xc CMakeFiles/FRDM-K22F_Simple.elf.dir/src/main.c.obj
 .group         0x00000000        0xc CMakeFiles/FRDM-K22F_Simple.elf.dir/src/main.c.obj
 .group         0x00000000        0xc CMakeFiles/FRDM-K22F_Simple.elf.dir/src/main.c.obj
 .group         0x00000000        0xc CMakeFiles/FRDM-K22F_Simple.elf.dir/src/main.c.obj
 .group         0x00000000        0xc CMakeFiles/FRDM-K22F_Simple.elf.dir/src/main.c.obj
 .group         0x00000000        0xc CMakeFiles/FRDM-K22F_Simple.elf.dir/src/main.c.obj
 .group         0x00000000        0xc CMakeFiles/FRDM-K22F_Simple.elf.dir/src/main.c.obj
 .group         0x00000000        0xc CMakeFiles/FRDM-K22F_Simple.elf.dir/src/main.c.obj
 .group         0x00000000        0xc CMakeFiles/FRDM-K22F_Simple.elf.dir/src/main.c.obj
 .group         0x00000000        0xc CMakeFiles/FRDM-K22F_Simple.elf.dir/src/main.c.obj
 .group         0x00000000        0xc CMakeFiles/FRDM-K22F_Simple.elf.dir/src/main.c.obj
 .group         0x00000000        0xc CMakeFiles/FRDM-K22F_Simple.elf.dir/src/main.c.obj
 .group         0x00000000        0xc CMakeFiles/FRDM-K22F_Simple.elf.dir/src/main.c.obj
 .group         0x00000000        0xc CMakeFiles/FRDM-K22F_Simple.elf.dir/src/main.c.obj
 .group         0x00000000        0xc CMakeFiles/FRDM-K22F_Simple.elf.dir/src/main.c.obj
 .group         0x00000000        0xc CMakeFiles/FRDM-K22F_Simple.elf.dir/src/main.c.obj
 .group         0x00000000        0xc CMakeFiles/FRDM-K22F_Simple.elf.dir/src/main.c.obj
 .group         0x00000000        0xc CMakeFiles/FRDM-K22F_Simple.elf.dir/src/main.c.obj
 .group         0x00000000        0xc CMakeFiles/FRDM-K22F_Simple.elf.dir/src/main.c.obj
 .group         0x00000000        0xc CMakeFiles/FRDM-K22F_Simple.elf.dir/src/main.c.obj
 .text          0x00000000        0x0 CMakeFiles/FRDM-K22F_Simple.elf.dir/src/main.c.obj
 .data          0x00000000        0x0 CMakeFiles/FRDM-K22F_Simple.elf.dir/src/main.c.obj
 .bss           0x00000000        0x0 CMakeFiles/FRDM-K22F_Simple.elf.dir/src/main.c.obj
 .data          0x00000000        0x0 CMakeFiles/FRDM-K22F_Simple.elf.dir/device/startup_MK22F51212.S.obj
 .bss           0x00000000        0x0 CMakeFiles/FRDM-K22F_Simple.elf.dir/device/startup_MK22F51212.S.obj
 .group         0x00000000        0xc CMakeFiles/FRDM-K22F_Simple.elf.dir/device/system_MK22F51212.c.obj
 .group         0x00000000        0xc CMakeFiles/FRDM-K22F_Simple.elf.dir/device/system_MK22F51212.c.obj
 .group         0x00000000        0xc CMakeFiles/FRDM-K22F_Simple.elf.dir/device/system_MK22F51212.c.obj
 .group         0x00000000        0xc CMakeFiles/FRDM-K22F_Simple.elf.dir/device/system_MK22F51212.c.obj
 .group         0x00000000        0xc CMakeFiles/FRDM-K22F_Simple.elf.dir/device/system_MK22F51212.c.obj
 .group         0x00000000        0xc CMakeFiles/FRDM-K22F_Simple.elf.dir/device/system_MK22F51212.c.obj
 .group         0x00000000        0xc CMakeFiles/FRDM-K22F_Simple.elf.dir/device/system_MK22F51212.c.obj
 .group         0x00000000        0xc CMakeFiles/FRDM-K22F_Simple.elf.dir/device/system_MK22F51212.c.obj
 .group         0x00000000        0xc CMakeFiles/FRDM-K22F_Simple.elf.dir/device/system_MK22F51212.c.obj
 .group         0x00000000        0xc CMakeFiles/FRDM-K22F_Simple.elf.dir/device/system_MK22F51212.c.obj
 .group         0x00000000        0xc CMakeFiles/FRDM-K22F_Simple.elf.dir/device/system_MK22F51212.c.obj
 .group         0x00000000        0xc CMakeFiles/FRDM-K22F_Simple.elf.dir/device/system_MK22F51212.c.obj
 .group         0x00000000        0xc CMakeFiles/FRDM-K22F_Simple.elf.dir/device/system_MK22F51212.c.obj
 .group         0x00000000        0xc CMakeFiles/FRDM-K22F_Simple.elf.dir/device/system_MK22F51212.c.obj
 .group         0x00000000        0xc CMakeFiles/FRDM-K22F_Simple.elf.dir/device/system_MK22F51212.c.obj
 .group         0x00000000        0xc CMakeFiles/FRDM-K22F_Simple.elf.dir/device/system_MK22F51212.c.obj
 .text          0x00000000        0x0 CMakeFiles/FRDM-K22F_Simple.elf.dir/device/system_MK22F51212.c.obj
 .data          0x00000000        0x0 CMakeFiles/FRDM-K22F_Simple.elf.dir/device/system_MK22F51212.c.obj
 .bss           0x00000000        0x0 CMakeFiles/FRDM-K22F_Simple.elf.dir/device/system_MK22F51212.c.obj
 .data.SystemCoreClock
                0x00000000        0x4 CMakeFiles/FRDM-K22F_Simple.elf.dir/device/system_MK22F51212.c.obj
 .text.SystemCoreClockUpdate
                0x00000000      0x294 CMakeFiles/FRDM-K22F_Simple.elf.dir/device/system_MK22F51212.c.obj
 .debug_macro   0x00000000      0xa6c CMakeFiles/FRDM-K22F_Simple.elf.dir/device/system_MK22F51212.c.obj
 .debug_macro   0x00000000       0x22 CMakeFiles/FRDM-K22F_Simple.elf.dir/device/system_MK22F51212.c.obj
 .debug_macro   0x00000000       0x56 CMakeFiles/FRDM-K22F_Simple.elf.dir/device/system_MK22F51212.c.obj
 .debug_macro   0x00000000       0x51 CMakeFiles/FRDM-K22F_Simple.elf.dir/device/system_MK22F51212.c.obj
 .debug_macro   0x00000000      0x103 CMakeFiles/FRDM-K22F_Simple.elf.dir/device/system_MK22F51212.c.obj
 .debug_macro   0x00000000       0x6a CMakeFiles/FRDM-K22F_Simple.elf.dir/device/system_MK22F51212.c.obj
 .debug_macro   0x00000000      0x1df CMakeFiles/FRDM-K22F_Simple.elf.dir/device/system_MK22F51212.c.obj
 .text          0x00000000        0x0 c:/tools/gnu arm embedded toolchain/10 2021.10/bin/../lib/gcc/arm-none-eabi/10.3.1/../../../../arm-none-eabi/lib/thumb/v7e-m+fp/hard\libnosys.a(_exit.o)
 .data          0x00000000        0x0 c:/tools/gnu arm embedded toolchain/10 2021.10/bin/../lib/gcc/arm-none-eabi/10.3.1/../../../../arm-none-eabi/lib/thumb/v7e-m+fp/hard\libnosys.a(_exit.o)
 .bss           0x00000000        0x0 c:/tools/gnu arm embedded toolchain/10 2021.10/bin/../lib/gcc/arm-none-eabi/10.3.1/../../../../arm-none-eabi/lib/thumb/v7e-m+fp/hard\libnosys.a(_exit.o)
 .text          0x00000000        0x0 c:/tools/gnu arm embedded toolchain/10 2021.10/bin/../lib/gcc/arm-none-eabi/10.3.1/thumb/v7e-m+fp/hard/crtend.o
 .data          0x00000000        0x0 c:/tools/gnu arm embedded toolchain/10 2021.10/bin/../lib/gcc/arm-none-eabi/10.3.1/thumb/v7e-m+fp/hard/crtend.o
 .bss           0x00000000        0x0 c:/tools/gnu arm embedded toolchain/10 2021.10/bin/../lib/gcc/arm-none-eabi/10.3.1/thumb/v7e-m+fp/hard/crtend.o
 .rodata        0x00000000       0x24 c:/tools/gnu arm embedded toolchain/10 2021.10/bin/../lib/gcc/arm-none-eabi/10.3.1/thumb/v7e-m+fp/hard/crtend.o
 .eh_frame      0x00000000        0x4 c:/tools/gnu arm embedded toolchain/10 2021.10/bin/../lib/gcc/arm-none-eabi/10.3.1/thumb/v7e-m+fp/hard/crtend.o
 .ARM.attributes
                0x00000000       0x34 c:/tools/gnu arm embedded toolchain/10 2021.10/bin/../lib/gcc/arm-none-eabi/10.3.1/thumb/v7e-m+fp/hard/crtend.o
 .text          0x00000000        0x0 c:/tools/gnu arm embedded toolchain/10 2021.10/bin/../lib/gcc/arm-none-eabi/10.3.1/thumb/v7e-m+fp/hard/crtn.o
 .data          0x00000000        0x0 c:/tools/gnu arm embedded toolchain/10 2021.10/bin/../lib/gcc/arm-none-eabi/10.3.1/thumb/v7e-m+fp/hard/crtn.o
 .bss           0x00000000        0x0 c:/tools/gnu arm embedded toolchain/10 2021.10/bin/../lib/gcc/arm-none-eabi/10.3.1/thumb/v7e-m+fp/hard/crtn.o

Memory Configuration

Name             Origin             Length             Attributes
m_interrupts     0x00000000         0x00000400         xr
m_flash_config   0x00000400         0x00000010         xr
m_text           0x00000410         0x0007fbf0         xr
m_data           0x1fff0000         0x00010000         rw
m_data_2         0x20000000         0x00010000         rw
*default*        0x00000000         0xffffffff

Linker script and memory map

LOAD c:/tools/gnu arm embedded toolchain/10 2021.10/bin/../lib/gcc/arm-none-eabi/10.3.1/thumb/v7e-m+fp/hard/crti.o
LOAD c:/tools/gnu arm embedded toolchain/10 2021.10/bin/../lib/gcc/arm-none-eabi/10.3.1/thumb/v7e-m+fp/hard/crtbegin.o
LOAD c:/tools/gnu arm embedded toolchain/10 2021.10/bin/../lib/gcc/arm-none-eabi/10.3.1/../../../../arm-none-eabi/lib/thumb/v7e-m+fp/hard/crt0.o
LOAD c:/tools/gnu arm embedded toolchain/10 2021.10/bin/../lib/gcc/arm-none-eabi/10.3.1/../../../../arm-none-eabi/lib/thumb/v7e-m+fp/hard\libc_nano.a
LOAD c:/tools/gnu arm embedded toolchain/10 2021.10/bin/../lib/gcc/arm-none-eabi/10.3.1/../../../../arm-none-eabi/lib/thumb/v7e-m+fp/hard\libm.a
LOAD CMakeFiles/FRDM-K22F_Simple.elf.dir/src/main.c.obj
LOAD CMakeFiles/FRDM-K22F_Simple.elf.dir/device/startup_MK22F51212.S.obj
LOAD CMakeFiles/FRDM-K22F_Simple.elf.dir/device/system_MK22F51212.c.obj
START GROUP
LOAD c:/tools/gnu arm embedded toolchain/10 2021.10/bin/../lib/gcc/arm-none-eabi/10.3.1/thumb/v7e-m+fp/hard\libgcc.a
LOAD c:/tools/gnu arm embedded toolchain/10 2021.10/bin/../lib/gcc/arm-none-eabi/10.3.1/../../../../arm-none-eabi/lib/thumb/v7e-m+fp/hard\libc_nano.a
END GROUP
START GROUP
LOAD c:/tools/gnu arm embedded toolchain/10 2021.10/bin/../lib/gcc/arm-none-eabi/10.3.1/thumb/v7e-m+fp/hard\libgcc.a
LOAD c:/tools/gnu arm embedded toolchain/10 2021.10/bin/../lib/gcc/arm-none-eabi/10.3.1/../../../../arm-none-eabi/lib/thumb/v7e-m+fp/hard\libc_nano.a
LOAD c:/tools/gnu arm embedded toolchain/10 2021.10/bin/../lib/gcc/arm-none-eabi/10.3.1/../../../../arm-none-eabi/lib/thumb/v7e-m+fp/hard\libnosys.a
END GROUP
START GROUP
LOAD c:/tools/gnu arm embedded toolchain/10 2021.10/bin/../lib/gcc/arm-none-eabi/10.3.1/thumb/v7e-m+fp/hard\libgcc.a
LOAD c:/tools/gnu arm embedded toolchain/10 2021.10/bin/../lib/gcc/arm-none-eabi/10.3.1/../../../../arm-none-eabi/lib/thumb/v7e-m+fp/hard\libc_nano.a
LOAD c:/tools/gnu arm embedded toolchain/10 2021.10/bin/../lib/gcc/arm-none-eabi/10.3.1/../../../../arm-none-eabi/lib/thumb/v7e-m+fp/hard\libnosys.a
END GROUP
LOAD c:/tools/gnu arm embedded toolchain/10 2021.10/bin/../lib/gcc/arm-none-eabi/10.3.1/thumb/v7e-m+fp/hard/crtend.o
LOAD c:/tools/gnu arm embedded toolchain/10 2021.10/bin/../lib/gcc/arm-none-eabi/10.3.1/thumb/v7e-m+fp/hard/crtn.o
                0x00000400                HEAP_SIZE = DEFINED (__heap_size__)?__heap_size__:0x400
                0x00000400                STACK_SIZE = DEFINED (__stack_size__)?__stack_size__:0x400

.interrupts     0x00000000      0x400
                0x00000000                . = ALIGN (0x4)
 *(.isr_vector)
 .isr_vector    0x00000000      0x400 CMakeFiles/FRDM-K22F_Simple.elf.dir/device/startup_MK22F51212.S.obj
                0x00000000                __isr_vector
                0x00000400                . = ALIGN (0x4)

.flash_config   0x00000400       0x10
                0x00000400                . = ALIGN (0x4)
 *(.FlashConfig)
 .FlashConfig   0x00000400       0x10 CMakeFiles/FRDM-K22F_Simple.elf.dir/device/startup_MK22F51212.S.obj
                0x00000410                . = ALIGN (0x4)

.text           0x00000410      0x354
                0x00000410                . = ALIGN (0x4)
 *(.text)
 .text          0x00000410       0x40 c:/tools/gnu arm embedded toolchain/10 2021.10/bin/../lib/gcc/arm-none-eabi/10.3.1/thumb/v7e-m+fp/hard/crtbegin.o
 .text          0x00000450       0x7c c:/tools/gnu arm embedded toolchain/10 2021.10/bin/../lib/gcc/arm-none-eabi/10.3.1/../../../../arm-none-eabi/lib/thumb/v7e-m+fp/hard/crt0.o
                0x00000450                _stack_init
                0x00000458                _start
                0x00000458                _mainCRTStartup
 .text          0x000004cc      0x164 CMakeFiles/FRDM-K22F_Simple.elf.dir/device/startup_MK22F51212.S.obj
                0x000004cc                Reset_Handler
                0x00000514                Reserved54_IRQHandler
                0x00000514                DebugMon_Handler
                0x00000514                FTF_IRQHandler
                0x00000514                DMA0_DriverIRQHandler
                0x00000514                DMA12_DriverIRQHandler
                0x00000514                PIT1_IRQHandler
                0x00000514                SPI1_DriverIRQHandler
                0x00000514                Reserved86_IRQHandler
                0x00000514                Reserved85_IRQHandler
                0x00000514                DMA_Error_DriverIRQHandler
                0x00000514                SPI0_DriverIRQHandler
                0x00000514                FTM0_IRQHandler
                0x00000514                UART0_RX_TX_DriverIRQHandler
                0x00000514                PORTC_IRQHandler
                0x00000514                UART1_RX_TX_DriverIRQHandler
                0x00000514                CMP0_IRQHandler
                0x00000514                Reserved99_IRQHandler
                0x00000514                PIT0_IRQHandler
                0x00000514                LLWU_IRQHandler
                0x00000514                I2S0_Tx_DriverIRQHandler
                0x00000514                Reserved84_IRQHandler
                0x00000514                DMA6_DriverIRQHandler
                0x00000514                Reserved92_IRQHandler
                0x00000514                DMA7_DriverIRQHandler
                0x00000514                SWI_IRQHandler
                0x00000514                ADC0_IRQHandler
                0x00000514                UsageFault_Handler
                0x00000514                I2C0_DriverIRQHandler
                0x00000514                Reserved93_IRQHandler
                0x00000514                DefaultISR
                0x00000514                DMA2_DriverIRQHandler
                0x00000514                UART1_ERR_DriverIRQHandler
                0x00000514                DMA11_DriverIRQHandler
                0x00000514                Reserved82_IRQHandler
                0x00000514                CMP1_IRQHandler
                0x00000514                Reserved71_IRQHandler
                0x00000514                PORTD_IRQHandler
                0x00000514                PORTB_IRQHandler
                0x00000514                DMA10_DriverIRQHandler
                0x00000514                UART2_ERR_DriverIRQHandler
                0x00000514                Reserved70_IRQHandler
                0x00000514                ADC1_IRQHandler
                0x00000514                DMA5_DriverIRQHandler
                0x00000514                DMA4_DriverIRQHandler
                0x00000514                PIT2_IRQHandler
                0x00000514                BusFault_Handler
                0x00000514                UART2_RX_TX_DriverIRQHandler
                0x00000514                Reserved53_IRQHandler
                0x00000514                LPTMR0_IRQHandler
                0x00000514                RTC_IRQHandler
                0x00000514                PDB0_IRQHandler
                0x00000514                Reserved96_IRQHandler
                0x00000514                FTM1_IRQHandler
                0x00000514                Reserved61_IRQHandler
                0x00000514                Reserved95_IRQHandler
                0x00000514                DMA3_DriverIRQHandler
                0x00000514                PIT3_IRQHandler
                0x00000514                RTC_Seconds_IRQHandler
                0x00000514                MCG_IRQHandler
                0x00000514                DMA9_DriverIRQHandler
                0x00000514                DMA8_DriverIRQHandler
                0x00000514                UART0_ERR_DriverIRQHandler
                0x00000514                LPUART0_DriverIRQHandler
                0x00000514                FTM2_IRQHandler
                0x00000514                Read_Collision_IRQHandler
                0x00000514                Reserved98_IRQHandler
                0x00000514                DMA14_DriverIRQHandler
                0x00000514                PORTE_IRQHandler
                0x00000514                I2S0_Rx_DriverIRQHandler
                0x00000514                Reserved101_IRQHandler
                0x00000514                USB0_IRQHandler
                0x00000514                WDOG_EWM_IRQHandler
                0x00000514                MemManage_Handler
                0x00000514                Reserved90_IRQHandler
                0x00000514                Reserved83_IRQHandler
                0x00000514                DMA15_DriverIRQHandler
                0x00000514                FTM3_IRQHandler
                0x00000514                DMA1_DriverIRQHandler
                0x00000514                MCM_IRQHandler
                0x00000514                Reserved100_IRQHandler
                0x00000514                RNG_IRQHandler
                0x00000514                Reserved94_IRQHandler
                0x00000514                Reserved97_IRQHandler
                0x00000514                I2C1_DriverIRQHandler
                0x00000514                Reserved91_IRQHandler
                0x00000514                DAC1_IRQHandler
                0x00000514                PORTA_IRQHandler
                0x00000514                DAC0_IRQHandler
                0x00000514                DMA13_DriverIRQHandler
                0x00000514                Reserved81_IRQHandler
                0x00000514                LVD_LVW_IRQHandler
                0x00000518                NMI_Handler
                0x0000051c                HardFault_Handler
                0x00000520                SVC_Handler
                0x00000524                PendSV_Handler
                0x00000528                SysTick_Handler
                0x0000052c                DMA0_IRQHandler
                0x00000530                DMA1_IRQHandler
                0x00000534                DMA2_IRQHandler
                0x00000538                DMA3_IRQHandler
                0x0000053c                DMA4_IRQHandler
                0x00000540                DMA5_IRQHandler
                0x00000544                DMA6_IRQHandler
                0x00000548                DMA7_IRQHandler
                0x0000054c                DMA8_IRQHandler
                0x00000550                DMA9_IRQHandler
                0x00000554                DMA10_IRQHandler
                0x00000558                DMA11_IRQHandler
                0x0000055c                DMA12_IRQHandler
                0x00000560                DMA13_IRQHandler
                0x00000564                DMA14_IRQHandler
                0x00000568                DMA15_IRQHandler
                0x0000056c                DMA_Error_IRQHandler
                0x00000570                I2C0_IRQHandler
                0x00000574                I2C1_IRQHandler
                0x00000578                SPI0_IRQHandler
                0x0000057c                SPI1_IRQHandler
                0x00000580                I2S0_Tx_IRQHandler
                0x00000584                I2S0_Rx_IRQHandler
                0x00000588                LPUART0_IRQHandler
                0x0000058c                UART0_RX_TX_IRQHandler
                0x00000590                UART0_ERR_IRQHandler
                0x00000594                UART1_RX_TX_IRQHandler
                0x00000598                UART1_ERR_IRQHandler
                0x0000059c                UART2_RX_TX_IRQHandler
                0x000005a0                UART2_ERR_IRQHandler
 *(.text*)
 .text.exit     0x00000630       0x28 c:/tools/gnu arm embedded toolchain/10 2021.10/bin/../lib/gcc/arm-none-eabi/10.3.1/../../../../arm-none-eabi/lib/thumb/v7e-m+fp/hard\libc_nano.a(lib_a-exit.o)
                0x00000630                exit
 .text.__libc_init_array
                0x00000658       0x48 c:/tools/gnu arm embedded toolchain/10 2021.10/bin/../lib/gcc/arm-none-eabi/10.3.1/../../../../arm-none-eabi/lib/thumb/v7e-m+fp/hard\libc_nano.a(lib_a-init.o)
                0x00000658                __libc_init_array
 .text.memset   0x000006a0       0x10 c:/tools/gnu arm embedded toolchain/10 2021.10/bin/../lib/gcc/arm-none-eabi/10.3.1/../../../../arm-none-eabi/lib/thumb/v7e-m+fp/hard\libc_nano.a(lib_a-memset.o)
                0x000006a0                memset
 .text.bar      0x000006b0       0x1e CMakeFiles/FRDM-K22F_Simple.elf.dir/src/main.c.obj
 *fill*         0x000006ce        0x2 
 .text.main     0x000006d0       0x28 CMakeFiles/FRDM-K22F_Simple.elf.dir/src/main.c.obj
                0x000006d0                main
 .text.SystemInit
                0x000006f8       0x3c CMakeFiles/FRDM-K22F_Simple.elf.dir/device/system_MK22F51212.c.obj
                0x000006f8                SystemInit
 .text.SystemInitHook
                0x00000734        0xe CMakeFiles/FRDM-K22F_Simple.elf.dir/device/system_MK22F51212.c.obj
                0x00000734                SystemInitHook
 *fill*         0x00000742        0x2 
 .text._exit    0x00000744        0x4 c:/tools/gnu arm embedded toolchain/10 2021.10/bin/../lib/gcc/arm-none-eabi/10.3.1/../../../../arm-none-eabi/lib/thumb/v7e-m+fp/hard\libnosys.a(_exit.o)
                0x00000744                _exit
 *(.rodata)
 *(.rodata*)
 .rodata._global_impure_ptr
                0x00000748        0x4 c:/tools/gnu arm embedded toolchain/10 2021.10/bin/../lib/gcc/arm-none-eabi/10.3.1/../../../../arm-none-eabi/lib/thumb/v7e-m+fp/hard\libc_nano.a(lib_a-impure.o)
                0x00000748                _global_impure_ptr
 *(.glue_7)
 .glue_7        0x0000074c        0x0 linker stubs
 *(.glue_7t)
 .glue_7t       0x0000074c        0x0 linker stubs
 *(.eh_frame)
 .eh_frame      0x0000074c        0x0 c:/tools/gnu arm embedded toolchain/10 2021.10/bin/../lib/gcc/arm-none-eabi/10.3.1/thumb/v7e-m+fp/hard/crtbegin.o
 *(.init)
 .init          0x0000074c        0x4 c:/tools/gnu arm embedded toolchain/10 2021.10/bin/../lib/gcc/arm-none-eabi/10.3.1/thumb/v7e-m+fp/hard/crti.o
                0x0000074c                _init
 .init          0x00000750        0x8 c:/tools/gnu arm embedded toolchain/10 2021.10/bin/../lib/gcc/arm-none-eabi/10.3.1/thumb/v7e-m+fp/hard/crtn.o
 *(.fini)
 .fini          0x00000758        0x4 c:/tools/gnu arm embedded toolchain/10 2021.10/bin/../lib/gcc/arm-none-eabi/10.3.1/thumb/v7e-m+fp/hard/crti.o
                0x00000758                _fini
 .fini          0x0000075c        0x8 c:/tools/gnu arm embedded toolchain/10 2021.10/bin/../lib/gcc/arm-none-eabi/10.3.1/thumb/v7e-m+fp/hard/crtn.o
                0x00000764                . = ALIGN (0x4)

.vfp11_veneer   0x00000764        0x0
 .vfp11_veneer  0x00000764        0x0 linker stubs

.v4_bx          0x00000764        0x0
 .v4_bx         0x00000764        0x0 linker stubs

.iplt           0x00000764        0x0
 .iplt          0x00000764        0x0 c:/tools/gnu arm embedded toolchain/10 2021.10/bin/../lib/gcc/arm-none-eabi/10.3.1/thumb/v7e-m+fp/hard/crtbegin.o

.ARM.extab
 *(.ARM.extab* .gnu.linkonce.armextab.*)

.ARM            0x00000764        0x8
                0x00000764                __exidx_start = .
 *(.ARM.exidx*)
 .ARM.exidx     0x00000764        0x8 c:/tools/gnu arm embedded toolchain/10 2021.10/bin/../lib/gcc/arm-none-eabi/10.3.1/../../../../arm-none-eabi/lib/thumb/v7e-m+fp/hard/crt0.o
                                 0x10 (size before relaxing)
                0x0000076c                __exidx_end = .

.rel.dyn        0x0000076c        0x0
 .rel.iplt      0x0000076c        0x0 c:/tools/gnu arm embedded toolchain/10 2021.10/bin/../lib/gcc/arm-none-eabi/10.3.1/thumb/v7e-m+fp/hard/crtbegin.o

.ctors          0x0000076c        0x0
                0x0000076c                __CTOR_LIST__ = .
 *crtbegin.o(.ctors)
 *crtbegin?.o(.ctors)
 *(EXCLUDE_FILE(*crtend.o *crtend?.o) .ctors)
 *(SORT_BY_NAME(.ctors.*))
 *(.ctors)
                0x0000076c                __CTOR_END__ = .

.dtors          0x0000076c        0x0
                0x0000076c                __DTOR_LIST__ = .
 *crtbegin.o(.dtors)
 *crtbegin?.o(.dtors)
 *(EXCLUDE_FILE(*crtend.o *crtend?.o) .dtors)
 *(SORT_BY_NAME(.dtors.*))
 *(.dtors)
                0x0000076c                __DTOR_END__ = .

.preinit_array  0x0000076c        0x0
                0x0000076c                PROVIDE (__preinit_array_start = .)
 *(.preinit_array*)
                0x0000076c                PROVIDE (__preinit_array_end = .)

.init_array     0x0000076c        0x4
                0x0000076c                PROVIDE (__init_array_start = .)
 *(SORT_BY_NAME(.init_array.*))
 *(.init_array*)
 .init_array    0x0000076c        0x4 c:/tools/gnu arm embedded toolchain/10 2021.10/bin/../lib/gcc/arm-none-eabi/10.3.1/thumb/v7e-m+fp/hard/crtbegin.o
                0x00000770                PROVIDE (__init_array_end = .)

.fini_array     0x00000770        0x4
                [!provide]                PROVIDE (__fini_array_start = .)
 *(SORT_BY_NAME(.fini_array.*))
 *(.fini_array*)
 .fini_array    0x00000770        0x4 c:/tools/gnu arm embedded toolchain/10 2021.10/bin/../lib/gcc/arm-none-eabi/10.3.1/thumb/v7e-m+fp/hard/crtbegin.o
                [!provide]                PROVIDE (__fini_array_end = .)
                0x00000774                __etext = .
                0x00000774                __DATA_ROM = .

.data           0x1fff0000       0x60 load address 0x00000774
                0x1fff0000                . = ALIGN (0x4)
                0x1fff0000                __DATA_RAM = .
                0x1fff0000                __data_start__ = .
 *(.data)
 *(.data*)
 .data.impure_data
                0x1fff0000       0x60 c:/tools/gnu arm embedded toolchain/10 2021.10/bin/../lib/gcc/arm-none-eabi/10.3.1/../../../../arm-none-eabi/lib/thumb/v7e-m+fp/hard\libc_nano.a(lib_a-impure.o)
 *(.jcr*)
                0x1fff0060                . = ALIGN (0x4)
                0x1fff0060                __data_end__ = .
                0x000007d4                __DATA_END = (__DATA_ROM + (__data_end__ - __data_start__))
                0x00080000                text_end = (ORIGIN (m_text) + LENGTH (m_text))
                0x00000001                ASSERT ((__DATA_END <= text_end), region m_text overflowed with text and data)

.igot.plt       0x1fff0060        0x0 load address 0x000007d4
 .igot.plt      0x1fff0060        0x0 c:/tools/gnu arm embedded toolchain/10 2021.10/bin/../lib/gcc/arm-none-eabi/10.3.1/thumb/v7e-m+fp/hard/crtbegin.o

.bss            0x1fff0060       0x20 load address 0x000007d4
                0x1fff0060                . = ALIGN (0x4)
                0x1fff0060                __START_BSS = .
                0x1fff0060                __bss_start__ = .
 *(.bss)
 .bss           0x1fff0060       0x1c c:/tools/gnu arm embedded toolchain/10 2021.10/bin/../lib/gcc/arm-none-eabi/10.3.1/thumb/v7e-m+fp/hard/crtbegin.o
 *(.bss*)
 .bss.global    0x1fff007c        0x4 CMakeFiles/FRDM-K22F_Simple.elf.dir/src/main.c.obj
                0x1fff007c                global
 *(COMMON)
                0x1fff0080                . = ALIGN (0x4)
                0x1fff0080                __bss_end__ = .
                0x1fff0080                __END_BSS = .

.heap           0x20000000      0x400
                0x20000000                . = ALIGN (0x8)
                0x20000000                __end__ = .
                [!provide]                PROVIDE (end = .)
                0x20000000                __HeapBase = .
                0x20000400                . = (. + HEAP_SIZE)
 *fill*         0x20000000      0x400 
                0x20000400                __HeapLimit = .
                0x20000400                __heap_limit = .

.stack          0x20000400      0x400
                0x20000400                . = ALIGN (0x8)
                0x20000800                . = (. + STACK_SIZE)
 *fill*         0x20000400      0x400 
                0x20010000                __StackTop = (ORIGIN (m_data_2) + LENGTH (m_data_2))
                0x2000fc00                __StackLimit = (__StackTop - STACK_SIZE)
                0x20010000                PROVIDE (__stack = __StackTop)

.ARM.attributes
                0x00000000       0x30
 *(.ARM.attributes)
 .ARM.attributes
                0x00000000       0x1e c:/tools/gnu arm embedded toolchain/10 2021.10/bin/../lib/gcc/arm-none-eabi/10.3.1/thumb/v7e-m+fp/hard/crti.o
 .ARM.attributes
                0x0000001e       0x34 c:/tools/gnu arm embedded toolchain/10 2021.10/bin/../lib/gcc/arm-none-eabi/10.3.1/thumb/v7e-m+fp/hard/crtbegin.o
 .ARM.attributes
                0x00000052       0x1c c:/tools/gnu arm embedded toolchain/10 2021.10/bin/../lib/gcc/arm-none-eabi/10.3.1/../../../../arm-none-eabi/lib/thumb/v7e-m+fp/hard/crt0.o
 .ARM.attributes
                0x0000006e       0x34 c:/tools/gnu arm embedded toolchain/10 2021.10/bin/../lib/gcc/arm-none-eabi/10.3.1/../../../../arm-none-eabi/lib/thumb/v7e-m+fp/hard\libc_nano.a(lib_a-exit.o)
 .ARM.attributes
                0x000000a2       0x34 c:/tools/gnu arm embedded toolchain/10 2021.10/bin/../lib/gcc/arm-none-eabi/10.3.1/../../../../arm-none-eabi/lib/thumb/v7e-m+fp/hard\libc_nano.a(lib_a-impure.o)
 .ARM.attributes
                0x000000d6       0x34 c:/tools/gnu arm embedded toolchain/10 2021.10/bin/../lib/gcc/arm-none-eabi/10.3.1/../../../../arm-none-eabi/lib/thumb/v7e-m+fp/hard\libc_nano.a(lib_a-init.o)
 .ARM.attributes
                0x0000010a       0x34 c:/tools/gnu arm embedded toolchain/10 2021.10/bin/../lib/gcc/arm-none-eabi/10.3.1/../../../../arm-none-eabi/lib/thumb/v7e-m+fp/hard\libc_nano.a(lib_a-memset.o)
 .ARM.attributes
                0x0000013e       0x34 CMakeFiles/FRDM-K22F_Simple.elf.dir/src/main.c.obj
 .ARM.attributes
                0x00000172       0x1f CMakeFiles/FRDM-K22F_Simple.elf.dir/device/startup_MK22F51212.S.obj
 .ARM.attributes
                0x00000191       0x34 CMakeFiles/FRDM-K22F_Simple.elf.dir/device/system_MK22F51212.c.obj
 .ARM.attributes
                0x000001c5       0x34 c:/tools/gnu arm embedded toolchain/10 2021.10/bin/../lib/gcc/arm-none-eabi/10.3.1/../../../../arm-none-eabi/lib/thumb/v7e-m+fp/hard\libnosys.a(_exit.o)
 .ARM.attributes
                0x000001f9       0x1e c:/tools/gnu arm embedded toolchain/10 2021.10/bin/../lib/gcc/arm-none-eabi/10.3.1/thumb/v7e-m+fp/hard/crtn.o
                0x00000001                ASSERT ((__StackLimit >= __HeapLimit), region m_data_2 overflowed with stack and heap)
OUTPUT(FRDM-K22F_Simple.elf elf32-littlearm)
LOAD linker stubs

.debug_frame    0x00000000      0x160
 .debug_frame   0x00000000       0x28 c:/tools/gnu arm embedded toolchain/10 2021.10/bin/../lib/gcc/arm-none-eabi/10.3.1/../../../../arm-none-eabi/lib/thumb/v7e-m+fp/hard\libc_nano.a(lib_a-exit.o)
 .debug_frame   0x00000028       0x2c c:/tools/gnu arm embedded toolchain/10 2021.10/bin/../lib/gcc/arm-none-eabi/10.3.1/../../../../arm-none-eabi/lib/thumb/v7e-m+fp/hard\libc_nano.a(lib_a-init.o)
 .debug_frame   0x00000054       0x20 c:/tools/gnu arm embedded toolchain/10 2021.10/bin/../lib/gcc/arm-none-eabi/10.3.1/../../../../arm-none-eabi/lib/thumb/v7e-m+fp/hard\libc_nano.a(lib_a-memset.o)
 .debug_frame   0x00000074       0x58 CMakeFiles/FRDM-K22F_Simple.elf.dir/src/main.c.obj
 .debug_frame   0x000000cc       0x74 CMakeFiles/FRDM-K22F_Simple.elf.dir/device/system_MK22F51212.c.obj
 .debug_frame   0x00000140       0x20 c:/tools/gnu arm embedded toolchain/10 2021.10/bin/../lib/gcc/arm-none-eabi/10.3.1/../../../../arm-none-eabi/lib/thumb/v7e-m+fp/hard\libnosys.a(_exit.o)

.debug_info     0x00000000      0x779
 .debug_info    0x00000000       0xf5 CMakeFiles/FRDM-K22F_Simple.elf.dir/src/main.c.obj
 .debug_info    0x000000f5       0x26 CMakeFiles/FRDM-K22F_Simple.elf.dir/device/startup_MK22F51212.S.obj
 .debug_info    0x0000011b      0x65e CMakeFiles/FRDM-K22F_Simple.elf.dir/device/system_MK22F51212.c.obj

.debug_abbrev   0x00000000      0x20e
 .debug_abbrev  0x00000000       0xb2 CMakeFiles/FRDM-K22F_Simple.elf.dir/src/main.c.obj
 .debug_abbrev  0x000000b2       0x14 CMakeFiles/FRDM-K22F_Simple.elf.dir/device/startup_MK22F51212.S.obj
 .debug_abbrev  0x000000c6      0x148 CMakeFiles/FRDM-K22F_Simple.elf.dir/device/system_MK22F51212.c.obj

.debug_aranges  0x00000000       0x78
 .debug_aranges
                0x00000000       0x28 CMakeFiles/FRDM-K22F_Simple.elf.dir/src/main.c.obj
 .debug_aranges
                0x00000028       0x20 CMakeFiles/FRDM-K22F_Simple.elf.dir/device/startup_MK22F51212.S.obj
 .debug_aranges
                0x00000048       0x30 CMakeFiles/FRDM-K22F_Simple.elf.dir/device/system_MK22F51212.c.obj

.debug_ranges   0x00000000       0x38
 .debug_ranges  0x00000000       0x18 CMakeFiles/FRDM-K22F_Simple.elf.dir/src/main.c.obj
 .debug_ranges  0x00000018       0x20 CMakeFiles/FRDM-K22F_Simple.elf.dir/device/system_MK22F51212.c.obj

.debug_macro    0x00000000     0xcde9
 .debug_macro   0x00000000      0x156 CMakeFiles/FRDM-K22F_Simple.elf.dir/src/main.c.obj
 .debug_macro   0x00000156      0xa6c CMakeFiles/FRDM-K22F_Simple.elf.dir/src/main.c.obj
 .debug_macro   0x00000bc2       0x22 CMakeFiles/FRDM-K22F_Simple.elf.dir/src/main.c.obj
 .debug_macro   0x00000be4       0x56 CMakeFiles/FRDM-K22F_Simple.elf.dir/src/main.c.obj
 .debug_macro   0x00000c3a       0x51 CMakeFiles/FRDM-K22F_Simple.elf.dir/src/main.c.obj
 .debug_macro   0x00000c8b      0x103 CMakeFiles/FRDM-K22F_Simple.elf.dir/src/main.c.obj
 .debug_macro   0x00000d8e       0x6a CMakeFiles/FRDM-K22F_Simple.elf.dir/src/main.c.obj
 .debug_macro   0x00000df8      0x1df CMakeFiles/FRDM-K22F_Simple.elf.dir/src/main.c.obj
 .debug_macro   0x00000fd7       0x64 CMakeFiles/FRDM-K22F_Simple.elf.dir/src/main.c.obj
 .debug_macro   0x0000103b       0x1e CMakeFiles/FRDM-K22F_Simple.elf.dir/src/main.c.obj
 .debug_macro   0x00001059       0x35 CMakeFiles/FRDM-K22F_Simple.elf.dir/src/main.c.obj
 .debug_macro   0x0000108e       0x34 CMakeFiles/FRDM-K22F_Simple.elf.dir/src/main.c.obj
 .debug_macro   0x000010c2       0x16 CMakeFiles/FRDM-K22F_Simple.elf.dir/src/main.c.obj
 .debug_macro   0x000010d8       0x97 CMakeFiles/FRDM-K22F_Simple.elf.dir/src/main.c.obj
 .debug_macro   0x0000116f      0x35d CMakeFiles/FRDM-K22F_Simple.elf.dir/src/main.c.obj
 .debug_macro   0x000014cc       0xf6 CMakeFiles/FRDM-K22F_Simple.elf.dir/src/main.c.obj
 .debug_macro   0x000015c2       0x10 CMakeFiles/FRDM-K22F_Simple.elf.dir/src/main.c.obj
 .debug_macro   0x000015d2       0x16 CMakeFiles/FRDM-K22F_Simple.elf.dir/src/main.c.obj
 .debug_macro   0x000015e8       0x43 CMakeFiles/FRDM-K22F_Simple.elf.dir/src/main.c.obj
 .debug_macro   0x0000162b       0x34 CMakeFiles/FRDM-K22F_Simple.elf.dir/src/main.c.obj
 .debug_macro   0x0000165f       0x10 CMakeFiles/FRDM-K22F_Simple.elf.dir/src/main.c.obj
 .debug_macro   0x0000166f       0x58 CMakeFiles/FRDM-K22F_Simple.elf.dir/src/main.c.obj
 .debug_macro   0x000016c7      0x182 CMakeFiles/FRDM-K22F_Simple.elf.dir/src/main.c.obj
 .debug_macro   0x00001849       0xbe CMakeFiles/FRDM-K22F_Simple.elf.dir/src/main.c.obj
 .debug_macro   0x00001907       0x16 CMakeFiles/FRDM-K22F_Simple.elf.dir/src/main.c.obj
 .debug_macro   0x0000191d      0x129 CMakeFiles/FRDM-K22F_Simple.elf.dir/src/main.c.obj
 .debug_macro   0x00001a46       0xbf CMakeFiles/FRDM-K22F_Simple.elf.dir/device/system_MK22F51212.c.obj
 .debug_macro   0x00001b05       0x10 CMakeFiles/FRDM-K22F_Simple.elf.dir/device/system_MK22F51212.c.obj
 .debug_macro   0x00001b15       0x57 CMakeFiles/FRDM-K22F_Simple.elf.dir/device/system_MK22F51212.c.obj
 .debug_macro   0x00001b6c       0x1c CMakeFiles/FRDM-K22F_Simple.elf.dir/device/system_MK22F51212.c.obj
 .debug_macro   0x00001b88       0x22 CMakeFiles/FRDM-K22F_Simple.elf.dir/device/system_MK22F51212.c.obj
 .debug_macro   0x00001baa       0xfb CMakeFiles/FRDM-K22F_Simple.elf.dir/device/system_MK22F51212.c.obj
 .debug_macro   0x00001ca5      0xeeb CMakeFiles/FRDM-K22F_Simple.elf.dir/device/system_MK22F51212.c.obj
 .debug_macro   0x00002b90       0x40 CMakeFiles/FRDM-K22F_Simple.elf.dir/device/system_MK22F51212.c.obj
 .debug_macro   0x00002bd0     0x8fa0 CMakeFiles/FRDM-K22F_Simple.elf.dir/device/system_MK22F51212.c.obj
 .debug_macro   0x0000bb70     0x1279 CMakeFiles/FRDM-K22F_Simple.elf.dir/device/system_MK22F51212.c.obj

.debug_line     0x00000000      0x95b
 .debug_line    0x00000000      0x325 CMakeFiles/FRDM-K22F_Simple.elf.dir/src/main.c.obj
 .debug_line    0x00000325      0x179 CMakeFiles/FRDM-K22F_Simple.elf.dir/device/startup_MK22F51212.S.obj
 .debug_line    0x0000049e      0x4bd CMakeFiles/FRDM-K22F_Simple.elf.dir/device/system_MK22F51212.c.obj

.debug_str      0x00000000    0x5454c
 .debug_str     0x00000000     0x6c96 CMakeFiles/FRDM-K22F_Simple.elf.dir/src/main.c.obj
                               0x6e6d (size before relaxing)
 .debug_str     0x00006c96       0x7e CMakeFiles/FRDM-K22F_Simple.elf.dir/device/startup_MK22F51212.S.obj
                                 0xd8 (size before relaxing)
 .debug_str     0x00006d14    0x4d838 CMakeFiles/FRDM-K22F_Simple.elf.dir/device/system_MK22F51212.c.obj
                              0x513b4 (size before relaxing)

.comment        0x00000000       0x49
 .comment       0x00000000       0x49 CMakeFiles/FRDM-K22F_Simple.elf.dir/src/main.c.obj
                                 0x4a (size before relaxing)
 .comment       0x00000049       0x4a CMakeFiles/FRDM-K22F_Simple.elf.dir/device/system_MK22F51212.c.obj

Cross Reference Table

Symbol                                            File
ADC0_IRQHandler                                   CMakeFiles/FRDM-K22F_Simple.elf.dir/device/startup_MK22F51212.S.obj
ADC1_IRQHandler                                   CMakeFiles/FRDM-K22F_Simple.elf.dir/device/startup_MK22F51212.S.obj
BusFault_Handler                                  CMakeFiles/FRDM-K22F_Simple.elf.dir/device/startup_MK22F51212.S.obj
CMP0_IRQHandler                                   CMakeFiles/FRDM-K22F_Simple.elf.dir/device/startup_MK22F51212.S.obj
CMP1_IRQHandler                                   CMakeFiles/FRDM-K22F_Simple.elf.dir/device/startup_MK22F51212.S.obj
DAC0_IRQHandler                                   CMakeFiles/FRDM-K22F_Simple.elf.dir/device/startup_MK22F51212.S.obj
DAC1_IRQHandler                                   CMakeFiles/FRDM-K22F_Simple.elf.dir/device/startup_MK22F51212.S.obj
DMA0_DriverIRQHandler                             CMakeFiles/FRDM-K22F_Simple.elf.dir/device/startup_MK22F51212.S.obj
DMA0_IRQHandler                                   CMakeFiles/FRDM-K22F_Simple.elf.dir/device/startup_MK22F51212.S.obj
DMA10_DriverIRQHandler                            CMakeFiles/FRDM-K22F_Simple.elf.dir/device/startup_MK22F51212.S.obj
DMA10_IRQHandler                                  CMakeFiles/FRDM-K22F_Simple.elf.dir/device/startup_MK22F51212.S.obj
DMA11_DriverIRQHandler                            CMakeFiles/FRDM-K22F_Simple.elf.dir/device/startup_MK22F51212.S.obj
DMA11_IRQHandler                                  CMakeFiles/FRDM-K22F_Simple.elf.dir/device/startup_MK22F51212.S.obj
DMA12_DriverIRQHandler                            CMakeFiles/FRDM-K22F_Simple.elf.dir/device/startup_MK22F51212.S.obj
DMA12_IRQHandler                                  CMakeFiles/FRDM-K22F_Simple.elf.dir/device/startup_MK22F51212.S.obj
DMA13_DriverIRQHandler                            CMakeFiles/FRDM-K22F_Simple.elf.dir/device/startup_MK22F51212.S.obj
DMA13_IRQHandler                                  CMakeFiles/FRDM-K22F_Simple.elf.dir/device/startup_MK22F51212.S.obj
DMA14_DriverIRQHandler                            CMakeFiles/FRDM-K22F_Simple.elf.dir/device/startup_MK22F51212.S.obj
DMA14_IRQHandler                                  CMakeFiles/FRDM-K22F_Simple.elf.dir/device/startup_MK22F51212.S.obj
DMA15_DriverIRQHandler                            CMakeFiles/FRDM-K22F_Simple.elf.dir/device/startup_MK22F51212.S.obj
DMA15_IRQHandler                                  CMakeFiles/FRDM-K22F_Simple.elf.dir/device/startup_MK22F51212.S.obj
DMA1_DriverIRQHandler                             CMakeFiles/FRDM-K22F_Simple.elf.dir/device/startup_MK22F51212.S.obj
DMA1_IRQHandler                                   CMakeFiles/FRDM-K22F_Simple.elf.dir/device/startup_MK22F51212.S.obj
DMA2_DriverIRQHandler                             CMakeFiles/FRDM-K22F_Simple.elf.dir/device/startup_MK22F51212.S.obj
DMA2_IRQHandler                                   CMakeFiles/FRDM-K22F_Simple.elf.dir/device/startup_MK22F51212.S.obj
DMA3_DriverIRQHandler                             CMakeFiles/FRDM-K22F_Simple.elf.dir/device/startup_MK22F51212.S.obj
DMA3_IRQHandler                                   CMakeFiles/FRDM-K22F_Simple.elf.dir/device/startup_MK22F51212.S.obj
DMA4_DriverIRQHandler                             CMakeFiles/FRDM-K22F_Simple.elf.dir/device/startup_MK22F51212.S.obj
DMA4_IRQHandler                                   CMakeFiles/FRDM-K22F_Simple.elf.dir/device/startup_MK22F51212.S.obj
DMA5_DriverIRQHandler                             CMakeFiles/FRDM-K22F_Simple.elf.dir/device/startup_MK22F51212.S.obj
DMA5_IRQHandler                                   CMakeFiles/FRDM-K22F_Simple.elf.dir/device/startup_MK22F51212.S.obj
DMA6_DriverIRQHandler                             CMakeFiles/FRDM-K22F_Simple.elf.dir/device/startup_MK22F51212.S.obj
DMA6_IRQHandler                                   CMakeFiles/FRDM-K22F_Simple.elf.dir/device/startup_MK22F51212.S.obj
DMA7_DriverIRQHandler                             CMakeFiles/FRDM-K22F_Simple.elf.dir/device/startup_MK22F51212.S.obj
DMA7_IRQHandler                                   CMakeFiles/FRDM-K22F_Simple.elf.dir/device/startup_MK22F51212.S.obj
DMA8_DriverIRQHandler                             CMakeFiles/FRDM-K22F_Simple.elf.dir/device/startup_MK22F51212.S.obj
DMA8_IRQHandler                                   CMakeFiles/FRDM-K22F_Simple.elf.dir/device/startup_MK22F51212.S.obj
DMA9_DriverIRQHandler                             CMakeFiles/FRDM-K22F_Simple.elf.dir/device/startup_MK22F51212.S.obj
DMA9_IRQHandler                                   CMakeFiles/FRDM-K22F_Simple.elf.dir/device/startup_MK22F51212.S.obj
DMA_Error_DriverIRQHandler                        CMakeFiles/FRDM-K22F_Simple.elf.dir/device/startup_MK22F51212.S.obj
DMA_Error_IRQHandler                              CMakeFiles/FRDM-K22F_Simple.elf.dir/device/startup_MK22F51212.S.obj
DebugMon_Handler                                  CMakeFiles/FRDM-K22F_Simple.elf.dir/device/startup_MK22F51212.S.obj
DefaultISR                                        CMakeFiles/FRDM-K22F_Simple.elf.dir/device/startup_MK22F51212.S.obj
FTF_IRQHandler                                    CMakeFiles/FRDM-K22F_Simple.elf.dir/device/startup_MK22F51212.S.obj
FTM0_IRQHandler                                   CMakeFiles/FRDM-K22F_Simple.elf.dir/device/startup_MK22F51212.S.obj
FTM1_IRQHandler                                   CMakeFiles/FRDM-K22F_Simple.elf.dir/device/startup_MK22F51212.S.obj
FTM2_IRQHandler                                   CMakeFiles/FRDM-K22F_Simple.elf.dir/device/startup_MK22F51212.S.obj
FTM3_IRQHandler                                   CMakeFiles/FRDM-K22F_Simple.elf.dir/device/startup_MK22F51212.S.obj
HardFault_Handler                                 CMakeFiles/FRDM-K22F_Simple.elf.dir/device/startup_MK22F51212.S.obj
I2C0_DriverIRQHandler                             CMakeFiles/FRDM-K22F_Simple.elf.dir/device/startup_MK22F51212.S.obj
I2C0_IRQHandler                                   CMakeFiles/FRDM-K22F_Simple.elf.dir/device/startup_MK22F51212.S.obj
I2C1_DriverIRQHandler                             CMakeFiles/FRDM-K22F_Simple.elf.dir/device/startup_MK22F51212.S.obj
I2C1_IRQHandler                                   CMakeFiles/FRDM-K22F_Simple.elf.dir/device/startup_MK22F51212.S.obj
I2S0_Rx_DriverIRQHandler                          CMakeFiles/FRDM-K22F_Simple.elf.dir/device/startup_MK22F51212.S.obj
I2S0_Rx_IRQHandler                                CMakeFiles/FRDM-K22F_Simple.elf.dir/device/startup_MK22F51212.S.obj
I2S0_Tx_DriverIRQHandler                          CMakeFiles/FRDM-K22F_Simple.elf.dir/device/startup_MK22F51212.S.obj
I2S0_Tx_IRQHandler                                CMakeFiles/FRDM-K22F_Simple.elf.dir/device/startup_MK22F51212.S.obj
LLWU_IRQHandler                                   CMakeFiles/FRDM-K22F_Simple.elf.dir/device/startup_MK22F51212.S.obj
LPTMR0_IRQHandler                                 CMakeFiles/FRDM-K22F_Simple.elf.dir/device/startup_MK22F51212.S.obj
LPUART0_DriverIRQHandler                          CMakeFiles/FRDM-K22F_Simple.elf.dir/device/startup_MK22F51212.S.obj
LPUART0_IRQHandler                                CMakeFiles/FRDM-K22F_Simple.elf.dir/device/startup_MK22F51212.S.obj
LVD_LVW_IRQHandler                                CMakeFiles/FRDM-K22F_Simple.elf.dir/device/startup_MK22F51212.S.obj
MCG_IRQHandler                                    CMakeFiles/FRDM-K22F_Simple.elf.dir/device/startup_MK22F51212.S.obj
MCM_IRQHandler                                    CMakeFiles/FRDM-K22F_Simple.elf.dir/device/startup_MK22F51212.S.obj
MemManage_Handler                                 CMakeFiles/FRDM-K22F_Simple.elf.dir/device/startup_MK22F51212.S.obj
NMI_Handler                                       CMakeFiles/FRDM-K22F_Simple.elf.dir/device/startup_MK22F51212.S.obj
PDB0_IRQHandler                                   CMakeFiles/FRDM-K22F_Simple.elf.dir/device/startup_MK22F51212.S.obj
PIT0_IRQHandler                                   CMakeFiles/FRDM-K22F_Simple.elf.dir/device/startup_MK22F51212.S.obj
PIT1_IRQHandler                                   CMakeFiles/FRDM-K22F_Simple.elf.dir/device/startup_MK22F51212.S.obj
PIT2_IRQHandler                                   CMakeFiles/FRDM-K22F_Simple.elf.dir/device/startup_MK22F51212.S.obj
PIT3_IRQHandler                                   CMakeFiles/FRDM-K22F_Simple.elf.dir/device/startup_MK22F51212.S.obj
PORTA_IRQHandler                                  CMakeFiles/FRDM-K22F_Simple.elf.dir/device/startup_MK22F51212.S.obj
PORTB_IRQHandler                                  CMakeFiles/FRDM-K22F_Simple.elf.dir/device/startup_MK22F51212.S.obj
PORTC_IRQHandler                                  CMakeFiles/FRDM-K22F_Simple.elf.dir/device/startup_MK22F51212.S.obj
PORTD_IRQHandler                                  CMakeFiles/FRDM-K22F_Simple.elf.dir/device/startup_MK22F51212.S.obj
PORTE_IRQHandler                                  CMakeFiles/FRDM-K22F_Simple.elf.dir/device/startup_MK22F51212.S.obj
PendSV_Handler                                    CMakeFiles/FRDM-K22F_Simple.elf.dir/device/startup_MK22F51212.S.obj
RNG_IRQHandler                                    CMakeFiles/FRDM-K22F_Simple.elf.dir/device/startup_MK22F51212.S.obj
RTC_IRQHandler                                    CMakeFiles/FRDM-K22F_Simple.elf.dir/device/startup_MK22F51212.S.obj
RTC_Seconds_IRQHandler                            CMakeFiles/FRDM-K22F_Simple.elf.dir/device/startup_MK22F51212.S.obj
Read_Collision_IRQHandler                         CMakeFiles/FRDM-K22F_Simple.elf.dir/device/startup_MK22F51212.S.obj
Reserved100_IRQHandler                            CMakeFiles/FRDM-K22F_Simple.elf.dir/device/startup_MK22F51212.S.obj
Reserved101_IRQHandler                            CMakeFiles/FRDM-K22F_Simple.elf.dir/device/startup_MK22F51212.S.obj
Reserved53_IRQHandler                             CMakeFiles/FRDM-K22F_Simple.elf.dir/device/startup_MK22F51212.S.obj
Reserved54_IRQHandler                             CMakeFiles/FRDM-K22F_Simple.elf.dir/device/startup_MK22F51212.S.obj
Reserved61_IRQHandler                             CMakeFiles/FRDM-K22F_Simple.elf.dir/device/startup_MK22F51212.S.obj
Reserved70_IRQHandler                             CMakeFiles/FRDM-K22F_Simple.elf.dir/device/startup_MK22F51212.S.obj
Reserved71_IRQHandler                             CMakeFiles/FRDM-K22F_Simple.elf.dir/device/startup_MK22F51212.S.obj
Reserved81_IRQHandler                             CMakeFiles/FRDM-K22F_Simple.elf.dir/device/startup_MK22F51212.S.obj
Reserved82_IRQHandler                             CMakeFiles/FRDM-K22F_Simple.elf.dir/device/startup_MK22F51212.S.obj
Reserved83_IRQHandler                             CMakeFiles/FRDM-K22F_Simple.elf.dir/device/startup_MK22F51212.S.obj
Reserved84_IRQHandler                             CMakeFiles/FRDM-K22F_Simple.elf.dir/device/startup_MK22F51212.S.obj
Reserved85_IRQHandler                             CMakeFiles/FRDM-K22F_Simple.elf.dir/device/startup_MK22F51212.S.obj
Reserved86_IRQHandler                             CMakeFiles/FRDM-K22F_Simple.elf.dir/device/startup_MK22F51212.S.obj
Reserved90_IRQHandler                             CMakeFiles/FRDM-K22F_Simple.elf.dir/device/startup_MK22F51212.S.obj
Reserved91_IRQHandler                             CMakeFiles/FRDM-K22F_Simple.elf.dir/device/startup_MK22F51212.S.obj
Reserved92_IRQHandler                             CMakeFiles/FRDM-K22F_Simple.elf.dir/device/startup_MK22F51212.S.obj
Reserved93_IRQHandler                             CMakeFiles/FRDM-K22F_Simple.elf.dir/device/startup_MK22F51212.S.obj
Reserved94_IRQHandler                             CMakeFiles/FRDM-K22F_Simple.elf.dir/device/startup_MK22F51212.S.obj
Reserved95_IRQHandler                             CMakeFiles/FRDM-K22F_Simple.elf.dir/device/startup_MK22F51212.S.obj
Reserved96_IRQHandler                             CMakeFiles/FRDM-K22F_Simple.elf.dir/device/startup_MK22F51212.S.obj
Reserved97_IRQHandler                             CMakeFiles/FRDM-K22F_Simple.elf.dir/device/startup_MK22F51212.S.obj
Reserved98_IRQHandler                             CMakeFiles/FRDM-K22F_Simple.elf.dir/device/startup_MK22F51212.S.obj
Reserved99_IRQHandler                             CMakeFiles/FRDM-K22F_Simple.elf.dir/device/startup_MK22F51212.S.obj
Reset_Handler                                     CMakeFiles/FRDM-K22F_Simple.elf.dir/device/startup_MK22F51212.S.obj
SPI0_DriverIRQHandler                             CMakeFiles/FRDM-K22F_Simple.elf.dir/device/startup_MK22F51212.S.obj
SPI0_IRQHandler                                   CMakeFiles/FRDM-K22F_Simple.elf.dir/device/startup_MK22F51212.S.obj
SPI1_DriverIRQHandler                             CMakeFiles/FRDM-K22F_Simple.elf.dir/device/startup_MK22F51212.S.obj
SPI1_IRQHandler                                   CMakeFiles/FRDM-K22F_Simple.elf.dir/device/startup_MK22F51212.S.obj
SVC_Handler                                       CMakeFiles/FRDM-K22F_Simple.elf.dir/device/startup_MK22F51212.S.obj
SWI_IRQHandler                                    CMakeFiles/FRDM-K22F_Simple.elf.dir/device/startup_MK22F51212.S.obj
SysTick_Handler                                   CMakeFiles/FRDM-K22F_Simple.elf.dir/device/startup_MK22F51212.S.obj
SystemCoreClock                                   CMakeFiles/FRDM-K22F_Simple.elf.dir/device/system_MK22F51212.c.obj
SystemCoreClockUpdate                             CMakeFiles/FRDM-K22F_Simple.elf.dir/device/system_MK22F51212.c.obj
SystemInit                                        CMakeFiles/FRDM-K22F_Simple.elf.dir/device/system_MK22F51212.c.obj
                                                  CMakeFiles/FRDM-K22F_Simple.elf.dir/device/startup_MK22F51212.S.obj
SystemInitHook                                    CMakeFiles/FRDM-K22F_Simple.elf.dir/device/system_MK22F51212.c.obj
UART0_ERR_DriverIRQHandler                        CMakeFiles/FRDM-K22F_Simple.elf.dir/device/startup_MK22F51212.S.obj
UART0_ERR_IRQHandler                              CMakeFiles/FRDM-K22F_Simple.elf.dir/device/startup_MK22F51212.S.obj
UART0_RX_TX_DriverIRQHandler                      CMakeFiles/FRDM-K22F_Simple.elf.dir/device/startup_MK22F51212.S.obj
UART0_RX_TX_IRQHandler                            CMakeFiles/FRDM-K22F_Simple.elf.dir/device/startup_MK22F51212.S.obj
UART1_ERR_DriverIRQHandler                        CMakeFiles/FRDM-K22F_Simple.elf.dir/device/startup_MK22F51212.S.obj
UART1_ERR_IRQHandler                              CMakeFiles/FRDM-K22F_Simple.elf.dir/device/startup_MK22F51212.S.obj
UART1_RX_TX_DriverIRQHandler                      CMakeFiles/FRDM-K22F_Simple.elf.dir/device/startup_MK22F51212.S.obj
UART1_RX_TX_IRQHandler                            CMakeFiles/FRDM-K22F_Simple.elf.dir/device/startup_MK22F51212.S.obj
UART2_ERR_DriverIRQHandler                        CMakeFiles/FRDM-K22F_Simple.elf.dir/device/startup_MK22F51212.S.obj
UART2_ERR_IRQHandler                              CMakeFiles/FRDM-K22F_Simple.elf.dir/device/startup_MK22F51212.S.obj
UART2_RX_TX_DriverIRQHandler                      CMakeFiles/FRDM-K22F_Simple.elf.dir/device/startup_MK22F51212.S.obj
UART2_RX_TX_IRQHandler                            CMakeFiles/FRDM-K22F_Simple.elf.dir/device/startup_MK22F51212.S.obj
USB0_IRQHandler                                   CMakeFiles/FRDM-K22F_Simple.elf.dir/device/startup_MK22F51212.S.obj
UsageFault_Handler                                CMakeFiles/FRDM-K22F_Simple.elf.dir/device/startup_MK22F51212.S.obj
WDOG_EWM_IRQHandler                               CMakeFiles/FRDM-K22F_Simple.elf.dir/device/startup_MK22F51212.S.obj
__StackTop                                        CMakeFiles/FRDM-K22F_Simple.elf.dir/device/startup_MK22F51212.S.obj
__bss_end__                                       c:/tools/gnu arm embedded toolchain/10 2021.10/bin/../lib/gcc/arm-none-eabi/10.3.1/../../../../arm-none-eabi/lib/thumb/v7e-m+fp/hard/crt0.o
__bss_start__                                     c:/tools/gnu arm embedded toolchain/10 2021.10/bin/../lib/gcc/arm-none-eabi/10.3.1/../../../../arm-none-eabi/lib/thumb/v7e-m+fp/hard/crt0.o
__call_exitprocs                                  c:/tools/gnu arm embedded toolchain/10 2021.10/bin/../lib/gcc/arm-none-eabi/10.3.1/../../../../arm-none-eabi/lib/thumb/v7e-m+fp/hard\libc_nano.a(lib_a-exit.o)
__data_end__                                      CMakeFiles/FRDM-K22F_Simple.elf.dir/device/startup_MK22F51212.S.obj
__data_start__                                    CMakeFiles/FRDM-K22F_Simple.elf.dir/device/startup_MK22F51212.S.obj
__deregister_frame_info                           c:/tools/gnu arm embedded toolchain/10 2021.10/bin/../lib/gcc/arm-none-eabi/10.3.1/thumb/v7e-m+fp/hard/crtbegin.o
__dso_handle                                      c:/tools/gnu arm embedded toolchain/10 2021.10/bin/../lib/gcc/arm-none-eabi/10.3.1/thumb/v7e-m+fp/hard/crtbegin.o
__etext                                           CMakeFiles/FRDM-K22F_Simple.elf.dir/device/startup_MK22F51212.S.obj
__init_array_end                                  c:/tools/gnu arm embedded toolchain/10 2021.10/bin/../lib/gcc/arm-none-eabi/10.3.1/../../../../arm-none-eabi/lib/thumb/v7e-m+fp/hard\libc_nano.a(lib_a-init.o)
__init_array_start                                c:/tools/gnu arm embedded toolchain/10 2021.10/bin/../lib/gcc/arm-none-eabi/10.3.1/../../../../arm-none-eabi/lib/thumb/v7e-m+fp/hard\libc_nano.a(lib_a-init.o)
__isr_vector                                      CMakeFiles/FRDM-K22F_Simple.elf.dir/device/startup_MK22F51212.S.obj
__libc_fini_array                                 c:/tools/gnu arm embedded toolchain/10 2021.10/bin/../lib/gcc/arm-none-eabi/10.3.1/../../../../arm-none-eabi/lib/thumb/v7e-m+fp/hard/crt0.o
__libc_init_array                                 c:/tools/gnu arm embedded toolchain/10 2021.10/bin/../lib/gcc/arm-none-eabi/10.3.1/../../../../arm-none-eabi/lib/thumb/v7e-m+fp/hard\libc_nano.a(lib_a-init.o)
                                                  c:/tools/gnu arm embedded toolchain/10 2021.10/bin/../lib/gcc/arm-none-eabi/10.3.1/../../../../arm-none-eabi/lib/thumb/v7e-m+fp/hard/crt0.o
__preinit_array_end                               c:/tools/gnu arm embedded toolchain/10 2021.10/bin/../lib/gcc/arm-none-eabi/10.3.1/../../../../arm-none-eabi/lib/thumb/v7e-m+fp/hard\libc_nano.a(lib_a-init.o)
__preinit_array_start                             c:/tools/gnu arm embedded toolchain/10 2021.10/bin/../lib/gcc/arm-none-eabi/10.3.1/../../../../arm-none-eabi/lib/thumb/v7e-m+fp/hard\libc_nano.a(lib_a-init.o)
__register_frame_info                             c:/tools/gnu arm embedded toolchain/10 2021.10/bin/../lib/gcc/arm-none-eabi/10.3.1/thumb/v7e-m+fp/hard/crtbegin.o
__sf_fake_stderr                                  c:/tools/gnu arm embedded toolchain/10 2021.10/bin/../lib/gcc/arm-none-eabi/10.3.1/../../../../arm-none-eabi/lib/thumb/v7e-m+fp/hard\libc_nano.a(lib_a-impure.o)
__sf_fake_stdin                                   c:/tools/gnu arm embedded toolchain/10 2021.10/bin/../lib/gcc/arm-none-eabi/10.3.1/../../../../arm-none-eabi/lib/thumb/v7e-m+fp/hard\libc_nano.a(lib_a-impure.o)
__sf_fake_stdout                                  c:/tools/gnu arm embedded toolchain/10 2021.10/bin/../lib/gcc/arm-none-eabi/10.3.1/../../../../arm-none-eabi/lib/thumb/v7e-m+fp/hard\libc_nano.a(lib_a-impure.o)
__stack                                           c:/tools/gnu arm embedded toolchain/10 2021.10/bin/../lib/gcc/arm-none-eabi/10.3.1/../../../../arm-none-eabi/lib/thumb/v7e-m+fp/hard/crt0.o
_exit                                             c:/tools/gnu arm embedded toolchain/10 2021.10/bin/../lib/gcc/arm-none-eabi/10.3.1/../../../../arm-none-eabi/lib/thumb/v7e-m+fp/hard\libnosys.a(_exit.o)
                                                  c:/tools/gnu arm embedded toolchain/10 2021.10/bin/../lib/gcc/arm-none-eabi/10.3.1/../../../../arm-none-eabi/lib/thumb/v7e-m+fp/hard\libc_nano.a(lib_a-exit.o)
_fini                                             c:/tools/gnu arm embedded toolchain/10 2021.10/bin/../lib/gcc/arm-none-eabi/10.3.1/thumb/v7e-m+fp/hard/crti.o
_global_impure_ptr                                c:/tools/gnu arm embedded toolchain/10 2021.10/bin/../lib/gcc/arm-none-eabi/10.3.1/../../../../arm-none-eabi/lib/thumb/v7e-m+fp/hard\libc_nano.a(lib_a-impure.o)
                                                  c:/tools/gnu arm embedded toolchain/10 2021.10/bin/../lib/gcc/arm-none-eabi/10.3.1/../../../../arm-none-eabi/lib/thumb/v7e-m+fp/hard\libc_nano.a(lib_a-exit.o)
_impure_ptr                                       c:/tools/gnu arm embedded toolchain/10 2021.10/bin/../lib/gcc/arm-none-eabi/10.3.1/../../../../arm-none-eabi/lib/thumb/v7e-m+fp/hard\libc_nano.a(lib_a-impure.o)
_init                                             c:/tools/gnu arm embedded toolchain/10 2021.10/bin/../lib/gcc/arm-none-eabi/10.3.1/thumb/v7e-m+fp/hard/crti.o
                                                  c:/tools/gnu arm embedded toolchain/10 2021.10/bin/../lib/gcc/arm-none-eabi/10.3.1/../../../../arm-none-eabi/lib/thumb/v7e-m+fp/hard\libc_nano.a(lib_a-init.o)
_mainCRTStartup                                   c:/tools/gnu arm embedded toolchain/10 2021.10/bin/../lib/gcc/arm-none-eabi/10.3.1/../../../../arm-none-eabi/lib/thumb/v7e-m+fp/hard/crt0.o
_stack_init                                       c:/tools/gnu arm embedded toolchain/10 2021.10/bin/../lib/gcc/arm-none-eabi/10.3.1/../../../../arm-none-eabi/lib/thumb/v7e-m+fp/hard/crt0.o
_start                                            c:/tools/gnu arm embedded toolchain/10 2021.10/bin/../lib/gcc/arm-none-eabi/10.3.1/../../../../arm-none-eabi/lib/thumb/v7e-m+fp/hard/crt0.o
                                                  CMakeFiles/FRDM-K22F_Simple.elf.dir/device/startup_MK22F51212.S.obj
atexit                                            c:/tools/gnu arm embedded toolchain/10 2021.10/bin/../lib/gcc/arm-none-eabi/10.3.1/../../../../arm-none-eabi/lib/thumb/v7e-m+fp/hard/crt0.o
exit                                              c:/tools/gnu arm embedded toolchain/10 2021.10/bin/../lib/gcc/arm-none-eabi/10.3.1/../../../../arm-none-eabi/lib/thumb/v7e-m+fp/hard\libc_nano.a(lib_a-exit.o)
                                                  c:/tools/gnu arm embedded toolchain/10 2021.10/bin/../lib/gcc/arm-none-eabi/10.3.1/../../../../arm-none-eabi/lib/thumb/v7e-m+fp/hard/crt0.o
global                                            CMakeFiles/FRDM-K22F_Simple.elf.dir/src/main.c.obj
hardware_init_hook                                c:/tools/gnu arm embedded toolchain/10 2021.10/bin/../lib/gcc/arm-none-eabi/10.3.1/../../../../arm-none-eabi/lib/thumb/v7e-m+fp/hard/crt0.o
main                                              CMakeFiles/FRDM-K22F_Simple.elf.dir/src/main.c.obj
                                                  c:/tools/gnu arm embedded toolchain/10 2021.10/bin/../lib/gcc/arm-none-eabi/10.3.1/../../../../arm-none-eabi/lib/thumb/v7e-m+fp/hard/crt0.o
memset                                            c:/tools/gnu arm embedded toolchain/10 2021.10/bin/../lib/gcc/arm-none-eabi/10.3.1/../../../../arm-none-eabi/lib/thumb/v7e-m+fp/hard\libc_nano.a(lib_a-memset.o)
                                                  c:/tools/gnu arm embedded toolchain/10 2021.10/bin/../lib/gcc/arm-none-eabi/10.3.1/../../../../arm-none-eabi/lib/thumb/v7e-m+fp/hard/crt0.o
software_init_hook                                c:/tools/gnu arm embedded toolchain/10 2021.10/bin/../lib/gcc/arm-none-eabi/10.3.1/../../../../arm-none-eabi/lib/thumb/v7e-m+fp/hard/crt0.o
